intel version 2021.1.2 loaded.
charmm version c45b2_openmm_intel loaded.
FINISHED
